Global frequency set at 1000000000000 ticks per second
      0: board.pc.south_bridge.cmos.rtc: Real-time clock set to Sun Jan  1 00:00:00 2012
gem5 Simulator System.  https://www.gem5.org
gem5 is copyrighted software; use the --copyright option for details.

gem5 version 24.0.0.1
gem5 compiled Mar 12 2025 11:40:07
gem5 started Apr  2 2025 13:51:45
gem5 executing on pedagogical-1, pid 1636028
command line: /scratch/cluster/lukas/gem5-research/build/X86_MESI_Two_Level/gem5.opt --outdir=./GPT/large/outdir/facesim_LRU ./gem5-configs-395t/zGPTmesi.py --benchmark facesim --size large --l2_replacement_policy LRU --physical_cores 1 --threads_per_core 2 --sample --max_rois 2 100 50 200

[INFO] Using L2 replacement policy: LRU
info: Using default config
** Beginning simulation now!
** Starting sampling-based fast-forward interval.
** Done with fast-forward chunk. Switching to O3 CPU.
[SimpleSwitchableProcessor] Draining in-flight requests...
[SimpleSwitchableProcessor] Drain complete. Switching CPU...
switching cpus
** Exiting simulation. Exit cause: a thread reached the max instruction count
** Completed 0 ROI intervals total.
** Total ROI ticks: 0
** Total wallclock time: 723.87 seconds (12.06 min)
